[2024-04-28T16:53:59.626+0200][0.008s] Heap region size: 1M
[2024-04-28T16:53:59.649+0200][0.031s] Using G1
[2024-04-28T16:53:59.649+0200][0.031s] Heap address: 0x00000000e0000000, size: 512 MB, Compressed Oops mode: 32-bit
[2024-04-28T16:53:59.649+0200][0.031s] Mark closed archive regions in map: [0x00000000fff00000, 0x00000000fff6bff8]
[2024-04-28T16:53:59.649+0200][0.031s] Mark open archive regions in map: [0x00000000ffe00000, 0x00000000ffe47ff8]
[2024-04-28T16:54:00.525+0200][0,907s] GC(0) Pause Young (Normal) (G1 Evacuation Pause)
[2024-04-28T16:54:00.527+0200][0,909s] GC(0) Using 12 workers of 13 for evacuation
[2024-04-28T16:54:00.545+0200][0,927s] GC(0)   Pre Evacuate Collection Set: 0,0ms
[2024-04-28T16:54:00.545+0200][0,927s] GC(0)   Evacuate Collection Set: 17,8ms
[2024-04-28T16:54:00.545+0200][0,927s] GC(0)   Post Evacuate Collection Set: 0,5ms
[2024-04-28T16:54:00.545+0200][0,927s] GC(0)   Other: 1,9ms
[2024-04-28T16:54:00.545+0200][0,927s] GC(0) Eden regions: 30->0(303)
[2024-04-28T16:54:00.545+0200][0,927s] GC(0) Survivor regions: 0->4(4)
[2024-04-28T16:54:00.545+0200][0,927s] GC(0) Old regions: 2->2
[2024-04-28T16:54:00.545+0200][0,927s] GC(0) Humongous regions: 0->0
[2024-04-28T16:54:00.545+0200][0,927s] GC(0) Metaspace: 9525K(10240K)->9525K(10240K) NonClass: 8418K(8960K)->8418K(8960K) Class: 1107K(1280K)->1107K(1280K)
[2024-04-28T16:54:00.545+0200][0,927s] GC(0) Pause Young (Normal) (G1 Evacuation Pause) 30M->4M(512M) 20,320ms
[2024-04-28T16:54:00.545+0200][0,927s] GC(0) User=0,21s Sys=0,01s Real=0,02s
[2024-04-28T16:54:02.266+0200][2,648s] GC(1) Pause Young (Concurrent Start) (Metadata GC Threshold)
[2024-04-28T16:54:02.266+0200][2,649s] GC(1) Using 13 workers of 13 for evacuation
[2024-04-28T16:54:02.349+0200][2,731s] GC(1)   Pre Evacuate Collection Set: 0,0ms
[2024-04-28T16:54:02.349+0200][2,731s] GC(1)   Evacuate Collection Set: 77,8ms
[2024-04-28T16:54:02.349+0200][2,731s] GC(1)   Post Evacuate Collection Set: 4,2ms
[2024-04-28T16:54:02.349+0200][2,731s] GC(1)   Other: 0,7ms
[2024-04-28T16:54:02.349+0200][2,731s] GC(1) Eden regions: 103->0(100)
[2024-04-28T16:54:02.349+0200][2,731s] GC(1) Survivor regions: 4->19(39)
[2024-04-28T16:54:02.349+0200][2,731s] GC(1) Old regions: 2->2
[2024-04-28T16:54:02.349+0200][2,731s] GC(1) Humongous regions: 4->4
[2024-04-28T16:54:02.349+0200][2,731s] GC(1) Metaspace: 20409K(21296K)->20409K(21296K) NonClass: 18088K(18608K)->18088K(18608K) Class: 2320K(2688K)->2320K(2688K)
[2024-04-28T16:54:02.349+0200][2,731s] GC(1) Pause Young (Concurrent Start) (Metadata GC Threshold) 111M->23M(512M) 82,913ms
[2024-04-28T16:54:02.349+0200][2,731s] GC(1) User=0,87s Sys=0,02s Real=0,08s
[2024-04-28T16:54:02.349+0200][2,731s] GC(2) Concurrent Cycle
[2024-04-28T16:54:02.349+0200][2,731s] GC(2) Concurrent Clear Claimed Marks
[2024-04-28T16:54:02.349+0200][2,731s] GC(2) Concurrent Clear Claimed Marks 0,164ms
[2024-04-28T16:54:02.349+0200][2,732s] GC(2) Concurrent Scan Root Regions
[2024-04-28T16:54:02.354+0200][2,736s] GC(2) Concurrent Scan Root Regions 4,274ms
[2024-04-28T16:54:02.354+0200][2,736s] GC(2) Concurrent Mark (2,736s)
[2024-04-28T16:54:02.354+0200][2,736s] GC(2) Concurrent Mark From Roots
[2024-04-28T16:54:02.354+0200][2,736s] GC(2) Using 3 workers of 3 for marking
[2024-04-28T16:54:02.355+0200][2,737s] GC(2) Concurrent Mark From Roots 1,328ms
[2024-04-28T16:54:02.355+0200][2,737s] GC(2) Concurrent Preclean
[2024-04-28T16:54:02.355+0200][2,738s] GC(2) Concurrent Preclean 0,077ms
[2024-04-28T16:54:02.355+0200][2,738s] GC(2) Concurrent Mark (2,736s, 2,738s) 1,443ms
[2024-04-28T16:54:02.359+0200][2,741s] GC(2) Pause Remark
[2024-04-28T16:54:02.365+0200][2,747s] GC(2) Cleaned string and symbol table, strings: 8715 processed, 0 removed, symbols: 58483 processed, 26 removed
[2024-04-28T16:54:02.365+0200][2,748s] GC(2) Pause Remark 23M->23M(512M) 6,333ms
[2024-04-28T16:54:02.366+0200][2,748s] GC(2) User=0,06s Sys=0,00s Real=0,01s
[2024-04-28T16:54:02.366+0200][2,748s] GC(2) Concurrent Rebuild Remembered Sets
[2024-04-28T16:54:02.372+0200][2,755s] GC(2) Concurrent Rebuild Remembered Sets 6,545ms
[2024-04-28T16:54:02.373+0200][2,755s] GC(2) Pause Cleanup
[2024-04-28T16:54:02.373+0200][2,755s] GC(2) Pause Cleanup 23M->23M(512M) 0,252ms
[2024-04-28T16:54:02.373+0200][2,755s] GC(2) User=0,00s Sys=0,00s Real=0,00s
[2024-04-28T16:54:02.374+0200][2,756s] GC(2) Concurrent Cleanup for Next Mark
[2024-04-28T16:54:02.376+0200][2,758s] GC(2) Concurrent Cleanup for Next Mark 2,084ms
[2024-04-28T16:54:02.376+0200][2,758s] GC(2) Concurrent Cycle 27,082ms
[2024-04-28T16:54:03.660+0200][4,042s] GC(3) Pause Young (Normal) (G1 Evacuation Pause)
[2024-04-28T16:54:03.660+0200][4,042s] GC(3) Using 13 workers of 13 for evacuation
[2024-04-28T16:54:03.684+0200][4,066s] GC(3)   Pre Evacuate Collection Set: 0,0ms
[2024-04-28T16:54:03.684+0200][4,066s] GC(3)   Evacuate Collection Set: 22,8ms
[2024-04-28T16:54:03.684+0200][4,066s] GC(3)   Post Evacuate Collection Set: 1,0ms
[2024-04-28T16:54:03.684+0200][4,066s] GC(3)   Other: 0,1ms
[2024-04-28T16:54:03.684+0200][4,066s] GC(3) Eden regions: 92->0(112)
[2024-04-28T16:54:03.684+0200][4,066s] GC(3) Survivor regions: 19->10(14)
[2024-04-28T16:54:03.684+0200][4,066s] GC(3) Old regions: 2->20
[2024-04-28T16:54:03.684+0200][4,066s] GC(3) Humongous regions: 5->5
[2024-04-28T16:54:03.684+0200][4,066s] GC(3) Metaspace: 30979K(32176K)->30979K(32176K) NonClass: 27372K(28080K)->27372K(28080K) Class: 3606K(4096K)->3606K(4096K)
[2024-04-28T16:54:03.684+0200][4,066s] GC(3) Pause Young (Normal) (G1 Evacuation Pause) 116M->33M(512M) 24,047ms
[2024-04-28T16:54:03.684+0200][4,066s] GC(3) User=0,26s Sys=0,04s Real=0,03s
[2024-04-28T16:54:04.298+0200][4,680s] GC(4) Pause Young (Normal) (G1 Evacuation Pause)
[2024-04-28T16:54:04.298+0200][4,680s] GC(4) Using 13 workers of 13 for evacuation
[2024-04-28T16:54:04.303+0200][4,685s] GC(4)   Pre Evacuate Collection Set: 0,0ms
[2024-04-28T16:54:04.303+0200][4,685s] GC(4)   Evacuate Collection Set: 4,4ms
[2024-04-28T16:54:04.303+0200][4,685s] GC(4)   Post Evacuate Collection Set: 0,3ms
[2024-04-28T16:54:04.303+0200][4,685s] GC(4)   Other: 0,1ms
[2024-04-28T16:54:04.303+0200][4,685s] GC(4) Eden regions: 112->0(173)
[2024-04-28T16:54:04.303+0200][4,685s] GC(4) Survivor regions: 10->4(16)
[2024-04-28T16:54:04.303+0200][4,685s] GC(4) Old regions: 20->29
[2024-04-28T16:54:04.303+0200][4,685s] GC(4) Humongous regions: 6->5
[2024-04-28T16:54:04.303+0200][4,685s] GC(4) Metaspace: 34507K(35632K)->34507K(35632K) NonClass: 30448K(31152K)->30448K(31152K) Class: 4058K(4480K)->4058K(4480K)
[2024-04-28T16:54:04.303+0200][4,685s] GC(4) Pause Young (Normal) (G1 Evacuation Pause) 146M->35M(512M) 4,855ms
[2024-04-28T16:54:04.303+0200][4,685s] GC(4) User=0,07s Sys=0,00s Real=0,01s
[2024-04-28T16:54:04.424+0200][4,806s] GC(5) Pause Young (Concurrent Start) (Metadata GC Threshold)
[2024-04-28T16:54:04.424+0200][4,806s] GC(5) Using 13 workers of 13 for evacuation
[2024-04-28T16:54:04.428+0200][4,810s] GC(5)   Pre Evacuate Collection Set: 0,2ms
[2024-04-28T16:54:04.428+0200][4,810s] GC(5)   Evacuate Collection Set: 2,7ms
[2024-04-28T16:54:04.428+0200][4,810s] GC(5)   Post Evacuate Collection Set: 1,0ms
[2024-04-28T16:54:04.428+0200][4,810s] GC(5)   Other: 0,5ms
[2024-04-28T16:54:04.428+0200][4,810s] GC(5) Eden regions: 90->0(230)
[2024-04-28T16:54:04.428+0200][4,811s] GC(5) Survivor regions: 4->3(23)
[2024-04-28T16:54:04.428+0200][4,811s] GC(5) Old regions: 29->29
[2024-04-28T16:54:04.428+0200][4,811s] GC(5) Humongous regions: 5->5
[2024-04-28T16:54:04.428+0200][4,811s] GC(5) Metaspace: 34825K(35920K)->34825K(35920K) NonClass: 30731K(31312K)->30731K(31312K) Class: 4094K(4608K)->4094K(4608K)
[2024-04-28T16:54:04.428+0200][4,811s] GC(5) Pause Young (Concurrent Start) (Metadata GC Threshold) 125M->35M(512M) 4,811ms
[2024-04-28T16:54:04.428+0200][4,811s] GC(5) User=0,03s Sys=0,00s Real=0,00s
[2024-04-28T16:54:04.429+0200][4,811s] GC(6) Concurrent Cycle
[2024-04-28T16:54:04.429+0200][4,811s] GC(6) Concurrent Clear Claimed Marks
[2024-04-28T16:54:04.429+0200][4,811s] GC(6) Concurrent Clear Claimed Marks 0,040ms
[2024-04-28T16:54:04.429+0200][4,811s] GC(6) Concurrent Scan Root Regions
[2024-04-28T16:54:04.431+0200][4,814s] GC(6) Concurrent Scan Root Regions 2,593ms
[2024-04-28T16:54:04.431+0200][4,814s] GC(6) Concurrent Mark (4,814s)
[2024-04-28T16:54:04.431+0200][4,814s] GC(6) Concurrent Mark From Roots
[2024-04-28T16:54:04.431+0200][4,814s] GC(6) Using 3 workers of 3 for marking
[2024-04-28T16:54:04.483+0200][4,865s] GC(6) Concurrent Mark From Roots 51,325ms
[2024-04-28T16:54:04.483+0200][4,865s] GC(6) Concurrent Preclean
[2024-04-28T16:54:04.483+0200][4,865s] GC(6) Concurrent Preclean 0,133ms
[2024-04-28T16:54:04.483+0200][4,865s] GC(6) Concurrent Mark (4,814s, 4,865s) 51,510ms
[2024-04-28T16:54:04.483+0200][4,865s] GC(6) Pause Remark
[2024-04-28T16:54:04.492+0200][4,875s] GC(6) Cleaned string and symbol table, strings: 15230 processed, 36 removed, symbols: 97434 processed, 120 removed
[2024-04-28T16:54:04.493+0200][4,875s] GC(6) Pause Remark 37M->37M(512M) 9,511ms
[2024-04-28T16:54:04.493+0200][4,875s] GC(6) User=0,09s Sys=0,00s Real=0,01s
[2024-04-28T16:54:04.493+0200][4,875s] GC(6) Concurrent Rebuild Remembered Sets
[2024-04-28T16:54:04.506+0200][4,888s] GC(6) Concurrent Rebuild Remembered Sets 13,245ms
[2024-04-28T16:54:04.506+0200][4,889s] GC(6) Pause Cleanup
[2024-04-28T16:54:04.507+0200][4,889s] GC(6) Pause Cleanup 37M->37M(512M) 0,220ms
[2024-04-28T16:54:04.507+0200][4,889s] GC(6) User=0,00s Sys=0,00s Real=0,00s
[2024-04-28T16:54:04.507+0200][4,889s] GC(6) Concurrent Cleanup for Next Mark
[2024-04-28T16:54:04.508+0200][4,890s] GC(6) Concurrent Cleanup for Next Mark 0,992ms
[2024-04-28T16:54:04.508+0200][4,890s] GC(6) Concurrent Cycle 79,370ms
[2024-04-28T16:54:10.524+0200][10,907s] GC(7) Pause Young (Normal) (G1 Evacuation Pause)
[2024-04-28T16:54:10.524+0200][10,907s] GC(7) Using 13 workers of 13 for evacuation
[2024-04-28T16:54:10.529+0200][10,911s] GC(7)   Pre Evacuate Collection Set: 0,0ms
[2024-04-28T16:54:10.529+0200][10,911s] GC(7)   Evacuate Collection Set: 3,6ms
[2024-04-28T16:54:10.529+0200][10,911s] GC(7)   Post Evacuate Collection Set: 0,5ms
[2024-04-28T16:54:10.529+0200][10,911s] GC(7)   Other: 0,1ms
[2024-04-28T16:54:10.529+0200][10,911s] GC(7) Eden regions: 230->0(269)
[2024-04-28T16:54:10.529+0200][10,911s] GC(7) Survivor regions: 3->13(30)
[2024-04-28T16:54:10.529+0200][10,911s] GC(7) Old regions: 29->29
[2024-04-28T16:54:10.529+0200][10,911s] GC(7) Humongous regions: 5->5
[2024-04-28T16:54:10.529+0200][10,911s] GC(7) Metaspace: 43137K(44368K)->43137K(44368K) NonClass: 38027K(38736K)->38027K(38736K) Class: 5110K(5632K)->5110K(5632K)
[2024-04-28T16:54:10.529+0200][10,911s] GC(7) Pause Young (Normal) (G1 Evacuation Pause) 265M->44M(512M) 4,278ms
[2024-04-28T16:54:10.529+0200][10,911s] GC(7) User=0,04s Sys=0,00s Real=0,00s
[2024-04-28T16:54:34.394+0200][34,776s] GC(8) Pause Young (Normal) (G1 Evacuation Pause)
[2024-04-28T16:54:34.394+0200][34,777s] GC(8) Using 13 workers of 13 for evacuation
[2024-04-28T16:54:34.400+0200][34,782s] GC(8)   Pre Evacuate Collection Set: 0,0ms
[2024-04-28T16:54:34.400+0200][34,782s] GC(8)   Evacuate Collection Set: 4,7ms
[2024-04-28T16:54:34.400+0200][34,782s] GC(8)   Post Evacuate Collection Set: 0,8ms
[2024-04-28T16:54:34.400+0200][34,782s] GC(8)   Other: 0,2ms
[2024-04-28T16:54:34.400+0200][34,782s] GC(8) Eden regions: 269->0(281)
[2024-04-28T16:54:34.400+0200][34,782s] GC(8) Survivor regions: 13->26(36)
[2024-04-28T16:54:34.400+0200][34,782s] GC(8) Old regions: 29->29
[2024-04-28T16:54:34.400+0200][34,782s] GC(8) Humongous regions: 8->8
[2024-04-28T16:54:34.400+0200][34,782s] GC(8) Metaspace: 48585K(50000K)->48585K(50000K) NonClass: 42990K(43856K)->42990K(43856K) Class: 5594K(6144K)->5594K(6144K)
[2024-04-28T16:54:34.400+0200][34,782s] GC(8) Pause Young (Normal) (G1 Evacuation Pause) 316M->61M(512M) 5,672ms
[2024-04-28T16:54:34.400+0200][34,782s] GC(8) User=0,05s Sys=0,02s Real=0,00s
[2024-04-28T17:00:42.470+0200][402,853s] GC(9) Pause Young (Normal) (G1 Evacuation Pause)
[2024-04-28T17:00:42.470+0200][402,853s] GC(9) Using 13 workers of 13 for evacuation
[2024-04-28T17:00:42.475+0200][402,858s] GC(9)   Pre Evacuate Collection Set: 0,0ms
[2024-04-28T17:00:42.475+0200][402,858s] GC(9)   Evacuate Collection Set: 3,9ms
[2024-04-28T17:00:42.475+0200][402,858s] GC(9)   Post Evacuate Collection Set: 1,1ms
[2024-04-28T17:00:42.475+0200][402,858s] GC(9)   Other: 0,1ms
[2024-04-28T17:00:42.475+0200][402,858s] GC(9) Eden regions: 281->0(299)
[2024-04-28T17:00:42.475+0200][402,858s] GC(9) Survivor regions: 26->8(39)
[2024-04-28T17:00:42.475+0200][402,858s] GC(9) Old regions: 29->39
[2024-04-28T17:00:42.475+0200][402,858s] GC(9) Humongous regions: 18->8
[2024-04-28T17:00:42.475+0200][402,858s] GC(9) Metaspace: 50872K(52304K)->50872K(52304K) NonClass: 45069K(45904K)->45069K(45904K) Class: 5802K(6400K)->5802K(6400K)
[2024-04-28T17:00:42.475+0200][402,858s] GC(9) Pause Young (Normal) (G1 Evacuation Pause) 352M->53M(512M) 5,199ms
[2024-04-28T17:00:42.475+0200][402,858s] GC(9) User=0,05s Sys=0,01s Real=0,00s
[2024-04-28T17:01:12.057+0200][432,439s] GC(10) Pause Young (Normal) (G1 Evacuation Pause)
[2024-04-28T17:01:12.057+0200][432,439s] GC(10) Using 13 workers of 13 for evacuation
[2024-04-28T17:01:12.062+0200][432,444s] GC(10)   Pre Evacuate Collection Set: 0,0ms
[2024-04-28T17:01:12.062+0200][432,444s] GC(10)   Evacuate Collection Set: 4,1ms
[2024-04-28T17:01:12.062+0200][432,444s] GC(10)   Post Evacuate Collection Set: 1,0ms
[2024-04-28T17:01:12.062+0200][432,444s] GC(10)   Other: 0,2ms
[2024-04-28T17:01:12.062+0200][432,444s] GC(10) Eden regions: 299->0(297)
[2024-04-28T17:01:12.062+0200][432,444s] GC(10) Survivor regions: 8->10(39)
[2024-04-28T17:01:12.062+0200][432,444s] GC(10) Old regions: 39->39
[2024-04-28T17:01:12.062+0200][432,444s] GC(10) Humongous regions: 18->8
[2024-04-28T17:01:12.062+0200][432,444s] GC(10) Metaspace: 52831K(54224K)->52831K(54224K) NonClass: 46878K(47696K)->46878K(47696K) Class: 5952K(6528K)->5952K(6528K)
[2024-04-28T17:01:12.062+0200][432,444s] GC(10) Pause Young (Normal) (G1 Evacuation Pause) 362M->55M(512M) 5,398ms
[2024-04-28T17:01:12.062+0200][432,444s] GC(10) User=0,06s Sys=0,00s Real=0,01s
[2024-04-28T17:03:02.169+0200][542,551s] GC(11) Pause Young (Normal) (G1 Evacuation Pause)
[2024-04-28T17:03:02.169+0200][542,551s] GC(11) Using 13 workers of 13 for evacuation
[2024-04-28T17:03:02.176+0200][542,558s] GC(11)   Pre Evacuate Collection Set: 0,0ms
[2024-04-28T17:03:02.176+0200][542,558s] GC(11)   Evacuate Collection Set: 5,6ms
[2024-04-28T17:03:02.176+0200][542,558s] GC(11)   Post Evacuate Collection Set: 1,3ms
[2024-04-28T17:03:02.176+0200][542,558s] GC(11)   Other: 0,2ms
[2024-04-28T17:03:02.176+0200][542,558s] GC(11) Eden regions: 297->0(294)
[2024-04-28T17:03:02.176+0200][542,558s] GC(11) Survivor regions: 10->13(39)
[2024-04-28T17:03:02.176+0200][542,558s] GC(11) Old regions: 39->39
[2024-04-28T17:03:02.176+0200][542,558s] GC(11) Humongous regions: 8->8
[2024-04-28T17:03:02.176+0200][542,558s] GC(11) Metaspace: 53181K(54736K)->53181K(54736K) NonClass: 47216K(48208K)->47216K(48208K) Class: 5965K(6528K)->5965K(6528K)
[2024-04-28T17:03:02.176+0200][542,558s] GC(11) Pause Young (Normal) (G1 Evacuation Pause) 352M->57M(512M) 7,137ms
[2024-04-28T17:03:02.176+0200][542,558s] GC(11) User=0,08s Sys=0,00s Real=0,01s
[2024-04-28T17:06:14.751+0200][735,133s] GC(12) Pause Young (Normal) (G1 Evacuation Pause)
[2024-04-28T17:06:14.751+0200][735,133s] GC(12) Using 13 workers of 13 for evacuation
[2024-04-28T17:06:14.755+0200][735,137s] GC(12)   Pre Evacuate Collection Set: 0,0ms
[2024-04-28T17:06:14.755+0200][735,137s] GC(12)   Evacuate Collection Set: 3,1ms
[2024-04-28T17:06:14.755+0200][735,137s] GC(12)   Post Evacuate Collection Set: 1,2ms
[2024-04-28T17:06:14.755+0200][735,137s] GC(12)   Other: 0,2ms
[2024-04-28T17:06:14.755+0200][735,137s] GC(12) Eden regions: 294->0(297)
[2024-04-28T17:06:14.755+0200][735,137s] GC(12) Survivor regions: 13->10(39)
[2024-04-28T17:06:14.755+0200][735,137s] GC(12) Old regions: 39->39
[2024-04-28T17:06:14.755+0200][735,137s] GC(12) Humongous regions: 18->8
[2024-04-28T17:06:14.755+0200][735,137s] GC(12) Metaspace: 55089K(56784K)->55089K(56784K) NonClass: 48959K(50000K)->48959K(50000K) Class: 6130K(6784K)->6130K(6784K)
[2024-04-28T17:06:14.755+0200][735,137s] GC(12) Pause Young (Normal) (G1 Evacuation Pause) 361M->54M(512M) 4,583ms
[2024-04-28T17:06:14.755+0200][735,137s] GC(12) User=0,04s Sys=0,00s Real=0,00s
[2024-04-28T17:14:12.296+0200][1212,678s] GC(13) Pause Young (Normal) (G1 Evacuation Pause)
[2024-04-28T17:14:12.296+0200][1212,678s] GC(13) Using 13 workers of 13 for evacuation
[2024-04-28T17:14:12.301+0200][1212,683s] GC(13)   Pre Evacuate Collection Set: 0,0ms
[2024-04-28T17:14:12.301+0200][1212,683s] GC(13)   Evacuate Collection Set: 3,4ms
[2024-04-28T17:14:12.301+0200][1212,683s] GC(13)   Post Evacuate Collection Set: 1,3ms
[2024-04-28T17:14:12.301+0200][1212,683s] GC(13)   Other: 0,2ms
[2024-04-28T17:14:12.301+0200][1212,683s] GC(13) Eden regions: 297->0(296)
[2024-04-28T17:14:12.301+0200][1212,683s] GC(13) Survivor regions: 10->11(39)
[2024-04-28T17:14:12.301+0200][1212,683s] GC(13) Old regions: 39->39
[2024-04-28T17:14:12.301+0200][1212,683s] GC(13) Humongous regions: 18->8
[2024-04-28T17:14:12.301+0200][1212,683s] GC(13) Metaspace: 56827K(58448K)->56827K(58448K) NonClass: 50545K(51536K)->50545K(51536K) Class: 6281K(6912K)->6281K(6912K)
[2024-04-28T17:14:12.301+0200][1212,683s] GC(13) Pause Young (Normal) (G1 Evacuation Pause) 361M->56M(512M) 4,953ms
[2024-04-28T17:14:12.301+0200][1212,683s] GC(13) User=0,06s Sys=0,01s Real=0,00s
[2024-04-28T17:14:28.422+0200][1228,805s] GC(14) Pause Young (Normal) (G1 Evacuation Pause)
[2024-04-28T17:14:28.422+0200][1228,805s] GC(14) Using 13 workers of 13 for evacuation
[2024-04-28T17:14:28.429+0200][1228,812s] GC(14)   Pre Evacuate Collection Set: 0,0ms
[2024-04-28T17:14:28.429+0200][1228,812s] GC(14)   Evacuate Collection Set: 5,9ms
[2024-04-28T17:14:28.429+0200][1228,812s] GC(14)   Post Evacuate Collection Set: 0,9ms
[2024-04-28T17:14:28.429+0200][1228,812s] GC(14)   Other: 0,1ms
[2024-04-28T17:14:28.429+0200][1228,812s] GC(14) Eden regions: 296->0(296)
[2024-04-28T17:14:28.429+0200][1228,812s] GC(14) Survivor regions: 11->11(39)
[2024-04-28T17:14:28.429+0200][1228,812s] GC(14) Old regions: 39->39
[2024-04-28T17:14:28.429+0200][1228,812s] GC(14) Humongous regions: 18->8
[2024-04-28T17:14:28.429+0200][1228,812s] GC(14) Metaspace: 56933K(58704K)->56933K(58704K) NonClass: 50649K(51792K)->50649K(51792K) Class: 6284K(6912K)->6284K(6912K)
[2024-04-28T17:14:28.429+0200][1228,812s] GC(14) Pause Young (Normal) (G1 Evacuation Pause) 362M->55M(512M) 6,980ms
[2024-04-28T17:14:28.429+0200][1228,812s] GC(14) User=0,08s Sys=0,01s Real=0,01s
[2024-04-28T17:14:30.459+0200][1230,841s] GC(15) Pause Young (Concurrent Start) (Metadata GC Threshold)
[2024-04-28T17:14:30.459+0200][1230,841s] GC(15) Using 13 workers of 13 for evacuation
[2024-04-28T17:14:30.467+0200][1230,850s] GC(15)   Pre Evacuate Collection Set: 0,1ms
[2024-04-28T17:14:30.468+0200][1230,850s] GC(15)   Evacuate Collection Set: 7,6ms
[2024-04-28T17:14:30.468+0200][1230,850s] GC(15)   Post Evacuate Collection Set: 0,6ms
[2024-04-28T17:14:30.468+0200][1230,850s] GC(15)   Other: 0,1ms
[2024-04-28T17:14:30.468+0200][1230,850s] GC(15) Eden regions: 43->0(296)
[2024-04-28T17:14:30.468+0200][1230,850s] GC(15) Survivor regions: 11->11(39)
[2024-04-28T17:14:30.468+0200][1230,850s] GC(15) Old regions: 39->39
[2024-04-28T17:14:30.468+0200][1230,850s] GC(15) Humongous regions: 8->8
[2024-04-28T17:14:30.468+0200][1230,850s] GC(15) Metaspace: 58473K(60240K)->58473K(60240K) NonClass: 52037K(53072K)->52037K(53072K) Class: 6436K(7168K)->6436K(7168K)
[2024-04-28T17:14:30.468+0200][1230,850s] GC(15) Pause Young (Concurrent Start) (Metadata GC Threshold) 98M->56M(512M) 8,505ms
[2024-04-28T17:14:30.468+0200][1230,850s] GC(15) User=0,06s Sys=0,00s Real=0,01s
[2024-04-28T17:14:30.468+0200][1230,850s] GC(16) Concurrent Cycle
[2024-04-28T17:14:30.468+0200][1230,850s] GC(16) Concurrent Clear Claimed Marks
[2024-04-28T17:14:30.468+0200][1230,850s] GC(16) Concurrent Clear Claimed Marks 0,097ms
[2024-04-28T17:14:30.468+0200][1230,850s] GC(16) Concurrent Scan Root Regions
[2024-04-28T17:14:30.471+0200][1230,853s] GC(16) Concurrent Scan Root Regions 2,876ms
[2024-04-28T17:14:30.471+0200][1230,853s] GC(16) Concurrent Mark (1230,853s)
[2024-04-28T17:14:30.471+0200][1230,853s] GC(16) Concurrent Mark From Roots
[2024-04-28T17:14:30.471+0200][1230,853s] GC(16) Using 3 workers of 3 for marking
[2024-04-28T17:14:30.482+0200][1230,865s] GC(16) Concurrent Mark From Roots 11,646ms
[2024-04-28T17:14:30.482+0200][1230,865s] GC(16) Concurrent Preclean
[2024-04-28T17:14:30.483+0200][1230,865s] GC(16) Concurrent Preclean 0,413ms
[2024-04-28T17:14:30.483+0200][1230,865s] GC(16) Concurrent Mark (1230,853s, 1230,865s) 12,143ms
[2024-04-28T17:14:30.483+0200][1230,865s] GC(16) Pause Remark
[2024-04-28T17:14:30.491+0200][1230,874s] GC(16) Cleaned string and symbol table, strings: 26535 processed, 1002 removed, symbols: 132261 processed, 589 removed
[2024-04-28T17:14:30.492+0200][1230,874s] GC(16) Pause Remark 61M->61M(512M) 8,648ms
[2024-04-28T17:14:30.492+0200][1230,874s] GC(16) User=0,09s Sys=0,00s Real=0,01s
[2024-04-28T17:14:30.492+0200][1230,874s] GC(16) Concurrent Rebuild Remembered Sets
[2024-04-28T17:14:30.499+0200][1230,881s] GC(16) Concurrent Rebuild Remembered Sets 6,834ms
[2024-04-28T17:14:30.499+0200][1230,881s] GC(16) Pause Cleanup
[2024-04-28T17:14:30.499+0200][1230,881s] GC(16) Pause Cleanup 62M->62M(512M) 0,128ms
[2024-04-28T17:14:30.499+0200][1230,881s] GC(16) User=0,00s Sys=0,00s Real=0,00s
[2024-04-28T17:14:30.499+0200][1230,881s] GC(16) Concurrent Cleanup for Next Mark
[2024-04-28T17:14:30.499+0200][1230,882s] GC(16) Concurrent Cleanup for Next Mark 0,485ms
[2024-04-28T17:14:30.499+0200][1230,882s] GC(16) Concurrent Cycle 31,892ms
